OpenJDK 64-Bit Server VM (25.212-b01) for linux-amd64 JRE (1.8.0_212-8u212-b01-1~deb9u1-b01), built on Mar 18 2019 23:06:47 by "jmm" with gcc 6.3.0 20170516
Memory: 4k page, physical 18501300k(18105308k free), swap 0k(0k free)
CommandLine flags: -XX:+DisableExplicitGC -XX:InitialHeapSize=1073741824 -XX:InitiatingHeapOccupancyPercent=35 -XX:+ManagementServer -XX:MaxGCPauseMillis=20 -XX:MaxHeapSize=1073741824 -XX:+PrintGC -XX:+PrintGCDateStamps -XX:+PrintGCDetails -XX:+PrintGCTimeStamps -XX:+UseCompressedClassPointers -XX:+UseCompressedOops -XX:+UseG1GC 
2019-05-05T22:56:34.456+0000: 0.775: [GC pause (G1 Evacuation Pause) (young), 0.0107856 secs]
   [Parallel Time: 4.9 ms, GC Workers: 4]
      [GC Worker Start (ms): Min: 775.1, Avg: 775.2, Max: 775.2, Diff: 0.1]
      [Ext Root Scanning (ms): Min: 0.6, Avg: 1.0, Max: 1.9, Diff: 1.3, Sum: 3.9]
      [Update RS (ms): Min: 0.0, Avg: 0.0, Max: 0.0, Diff: 0.0, Sum: 0.0]
         [Processed Buffers: Min: 0, Avg: 0.0, Max: 0, Diff: 0, Sum: 0]
      [Scan RS (ms): Min: 0.0, Avg: 0.0, Max: 0.0, Diff: 0.0, Sum: 0.0]
      [Code Root Scanning (ms): Min: 0.0, Avg: 0.1, Max: 0.5, Diff: 0.5, Sum: 0.6]
      [Object Copy (ms): Min: 2.9, Avg: 3.6, Max: 4.1, Diff: 1.2, Sum: 14.6]
      [Termination (ms): Min: 0.0, Avg: 0.0, Max: 0.0, Diff: 0.0, Sum: 0.0]
         [Termination Attempts: Min: 1, Avg: 13.0, Max: 19, Diff: 18, Sum: 52]
      [GC Worker Other (ms): Min: 0.0, Avg: 0.0, Max: 0.0, Diff: 0.0, Sum: 0.1]
      [GC Worker Total (ms): Min: 4.7, Avg: 4.8, Max: 4.9, Diff: 0.1, Sum: 19.2]
      [GC Worker End (ms): Min: 780.0, Avg: 780.0, Max: 780.0, Diff: 0.0]
   [Code Root Fixup: 0.0 ms]
   [Code Root Purge: 0.0 ms]
   [Clear CT: 0.4 ms]
   [Other: 5.4 ms]
      [Choose CSet: 0.0 ms]
      [Ref Proc: 4.7 ms]
      [Ref Enq: 0.0 ms]
      [Redirty Cards: 0.3 ms]
      [Humongous Register: 0.1 ms]
      [Humongous Reclaim: 0.0 ms]
      [Free CSet: 0.1 ms]
   [Eden: 51.0M(51.0M)->0.0B(44.0M) Survivors: 0.0B->7168.0K Heap: 51.0M(1024.0M)->7731.5K(1024.0M)]
 [Times: user=0.02 sys=0.00, real=0.01 secs] 
2019-05-05T22:56:34.902+0000: 1.221: [GC pause (G1 Evacuation Pause) (young), 0.0133341 secs]
   [Parallel Time: 7.7 ms, GC Workers: 4]
      [GC Worker Start (ms): Min: 1221.0, Avg: 1221.2, Max: 1221.6, Diff: 0.6]
      [Ext Root Scanning (ms): Min: 0.5, Avg: 1.2, Max: 2.0, Diff: 1.5, Sum: 4.9]
      [Update RS (ms): Min: 0.0, Avg: 0.0, Max: 0.1, Diff: 0.1, Sum: 0.1]
         [Processed Buffers: Min: 0, Avg: 0.2, Max: 1, Diff: 1, Sum: 1]
      [Scan RS (ms): Min: 0.0, Avg: 0.0, Max: 0.0, Diff: 0.0, Sum: 0.0]
      [Code Root Scanning (ms): Min: 0.0, Avg: 1.7, Max: 6.0, Diff: 6.0, Sum: 6.9]
      [Object Copy (ms): Min: 0.3, Avg: 3.8, Max: 5.2, Diff: 4.9, Sum: 15.0]
      [Termination (ms): Min: 0.0, Avg: 0.6, Max: 0.7, Diff: 0.7, Sum: 2.2]
         [Termination Attempts: Min: 1, Avg: 1.8, Max: 4, Diff: 3, Sum: 7]
      [GC Worker Other (ms): Min: 0.0, Avg: 0.0, Max: 0.0, Diff: 0.0, Sum: 0.0]
      [GC Worker Total (ms): Min: 7.0, Avg: 7.3, Max: 7.5, Diff: 0.6, Sum: 29.3]
      [GC Worker End (ms): Min: 1228.6, Avg: 1228.6, Max: 1228.6, Diff: 0.0]
   [Code Root Fixup: 0.1 ms]
   [Code Root Purge: 0.0 ms]
   [Clear CT: 0.4 ms]
   [Other: 5.1 ms]
      [Choose CSet: 0.0 ms]
      [Ref Proc: 4.4 ms]
      [Ref Enq: 0.0 ms]
      [Redirty Cards: 0.2 ms]
      [Humongous Register: 0.1 ms]
      [Humongous Reclaim: 0.0 ms]
      [Free CSet: 0.1 ms]
   [Eden: 44.0M(44.0M)->0.0B(44.0M) Survivors: 7168.0K->7168.0K Heap: 179.6M(1024.0M)->138.1M(1024.0M)]
 [Times: user=0.04 sys=0.00, real=0.02 secs] 
2019-05-05T23:02:23.286+0000: 349.605: [GC pause (Metadata GC Threshold) (young) (initial-mark), 0.0099075 secs]
   [Parallel Time: 7.6 ms, GC Workers: 4]
      [GC Worker Start (ms): Min: 349606.0, Avg: 349606.1, Max: 349606.2, Diff: 0.1]
      [Ext Root Scanning (ms): Min: 1.1, Avg: 1.3, Max: 1.5, Diff: 0.4, Sum: 5.2]
      [Update RS (ms): Min: 0.0, Avg: 0.2, Max: 0.3, Diff: 0.3, Sum: 0.8]
         [Processed Buffers: Min: 0, Avg: 1.2, Max: 3, Diff: 3, Sum: 5]
      [Scan RS (ms): Min: 0.0, Avg: 0.0, Max: 0.0, Diff: 0.0, Sum: 0.1]
      [Code Root Scanning (ms): Min: 0.1, Avg: 0.4, Max: 0.8, Diff: 0.8, Sum: 1.8]
      [Object Copy (ms): Min: 4.8, Avg: 5.3, Max: 5.8, Diff: 0.9, Sum: 21.3]
      [Termination (ms): Min: 0.0, Avg: 0.0, Max: 0.0, Diff: 0.0, Sum: 0.0]
         [Termination Attempts: Min: 1, Avg: 1.8, Max: 4, Diff: 3, Sum: 7]
      [GC Worker Other (ms): Min: 0.0, Avg: 0.0, Max: 0.0, Diff: 0.0, Sum: 0.1]
      [GC Worker Total (ms): Min: 7.2, Avg: 7.3, Max: 7.4, Diff: 0.1, Sum: 29.2]
      [GC Worker End (ms): Min: 349613.4, Avg: 349613.4, Max: 349613.4, Diff: 0.0]
   [Code Root Fixup: 0.1 ms]
   [Code Root Purge: 0.0 ms]
   [Clear CT: 0.4 ms]
   [Other: 1.8 ms]
      [Choose CSet: 0.0 ms]
      [Ref Proc: 0.7 ms]
      [Ref Enq: 0.0 ms]
      [Redirty Cards: 0.2 ms]
      [Humongous Register: 0.0 ms]
      [Humongous Reclaim: 0.0 ms]
      [Free CSet: 0.1 ms]
   [Eden: 16.0M(44.0M)->0.0B(47.0M) Survivors: 7168.0K->4096.0K Heap: 153.2M(1024.0M)->139.4M(1024.0M)]
 [Times: user=0.03 sys=0.01, real=0.02 secs] 
2019-05-05T23:02:23.296+0000: 349.615: [GC concurrent-root-region-scan-start]
2019-05-05T23:02:23.300+0000: 349.619: [GC concurrent-root-region-scan-end, 0.0037048 secs]
2019-05-05T23:02:23.300+0000: 349.619: [GC concurrent-mark-start]
2019-05-05T23:02:23.310+0000: 349.629: [GC concurrent-mark-end, 0.0098372 secs]
2019-05-05T23:02:23.310+0000: 349.629: [GC remark 2019-05-05T23:02:23.310+0000: 349.629: [Finalize Marking, 0.0002050 secs] 2019-05-05T23:02:23.310+0000: 349.630: [GC ref-proc, 0.0002168 secs] 2019-05-05T23:02:23.311+0000: 349.630: [Unloading, 0.0036941 secs], 0.0057931 secs]
 [Times: user=0.02 sys=0.00, real=0.01 secs] 
2019-05-05T23:02:23.316+0000: 349.636: [GC cleanup 139M->136M(1024M), 0.0008985 secs]
 [Times: user=0.00 sys=0.00, real=0.00 secs] 
2019-05-05T23:02:23.317+0000: 349.636: [GC concurrent-cleanup-start]
2019-05-05T23:02:23.317+0000: 349.636: [GC concurrent-cleanup-end, 0.0000168 secs]
Heap
 garbage-first heap   total 1048576K, used 172435K [0x00000000c0000000, 0x00000000c0102000, 0x0000000100000000)
  region size 1024K, 37 young (37888K), 4 survivors (4096K)
 Metaspace       used 22808K, capacity 23034K, committed 23168K, reserved 1069056K
  class space    used 3571K, capacity 3651K, committed 3712K, reserved 1048576K
